[     278ms] [ERROR] Failed to load resource: the server responded with a status of 404 () @ https://www.douban.com/people/Foundus/interests?type=movie&sort=time&rating=all&filter=all:0
[     539ms] [INFO] 喜欢看豆瓣的代码，还是发现了什么bug？不如和我们一起为豆瓣添砖加瓦吧！
http://jobs.douban.com/#position-zsqd @ https://img3.doubanio.com/f/shire/4888ee2fda6812f70a064a51c93b84fde8e4a3c2/js/douban.js:1
[    3983ms] [INFO] 喜欢看豆瓣的代码，还是发现了什么bug？不如和我们一起为豆瓣添砖加瓦吧！
http://jobs.douban.com/#position-zsqd @ https://img1.doubanio.com/f/vendors/e258329ca4b2122b4efe53fddc418967441e0e7f/js/douban.js:3213
[    4229ms] [WARNING] [Warning]: ad_slot: null is not exist @ https://img1.doubanio.com/dzRxZWkxOC9mL2FkanMvYzNiMGY1M2M4NGE4NjZiODRjMTdlMThiZGMwZGY2Nzk5YjBjYzBiNy9hZC5yZWxlYXNlLmpz?company_token=kX69T8w1wyOE-dale:1
[    4280ms] Uncaught (in promise) ScriptExternalLoadError: Loading script failed.
(error: https://img9.doubanio.com/cuphead/federation/remoteEntry.js)
while loading "./lib/rc" from 7756
    at 7756 (https://img3.doubanio.com/cuphead/accounts-static/login/base.b696a.js:0:216)
    at p (https://img3.doubanio.com/cuphead/accounts-static/login/base.b696a.js:0:856)
    at u (https://img3.doubanio.com/cuphead/accounts-static/login/base.b696a.js:0:3640)
    at <anonymous> (https://img3.doubanio.com/cuphead/accounts-static/login/base.b696a.js:0:3869)
    at p.f.remotes (https://img3.doubanio.com/cuphead/accounts-static/login/base.b696a.js:0:3329)
    at <anonymous> (https://img3.doubanio.com/cuphead/accounts-static/login/base.b696a.js:0:1820)
    at p.e (https://img3.doubanio.com/cuphead/accounts-static/login/base.b696a.js:0:1786)
    at 9474 (https://img3.doubanio.com/cuphead/accounts-static/login/base.b696a.js:0:68)
    at p (https://img3.doubanio.com/cuphead/accounts-static/login/base.b696a.js:0:856)
    at <anonymous> (https://img3.doubanio.com/cuphead/accounts-static/login/base.b696a.js:0:6932)
    at <anonymous> (https://img3.doubanio.com/cuphead/accounts-static/login/base.b696a.js:0:6940)
[    4404ms] [WARNING] [Warning]: dale_anonymous_homepage_top_for_crazy_ad content is empty @ https://img1.doubanio.com/dzRxZWkxOC9mL2FkanMvYzNiMGY1M2M4NGE4NjZiODRjMTdlMThiZGMwZGY2Nzk5YjBjYzBiNy9hZC5yZWxlYXNlLmpz?company_token=kX69T8w1wyOE-dale:1
[    4410ms] [WARNING] An iframe which has both allow-scripts and allow-same-origin for its sandbox attribute can escape its sandboxing. @ https://img1.doubanio.com/dzRxZWkxOC9mL2FkanMvYzNiMGY1M2M4NGE4NjZiODRjMTdlMThiZGMwZGY2Nzk5YjBjYzBiNy9hZC5yZWxlYXNlLmpz?company_token=kX69T8w1wyOE-dale:1
